// Jest Snapshot v1, https://goo.gl/fbAQLP

exports[`Pruebas en <Login /> debe de mostrarse correctamente 1`] = `
<Fragment>
  <div
    className="container mx-auto px-4 h-full"
  >
    <div
      className="flex content-center items-center justify-center h-full"
    >
      <div
        className="w-6/12 lg:w-4/12 px-4"
      >
        <div
          className="relative flex flex-col min-w-0 break-words w-full mb-6 shadow-lg rounded-lg bg-blueGray-200 border-0"
        >
          <div
            className="rounded-t mb-0 px-6 py-6"
          >
            <div
              className="text-center mb-3"
            >
              <h6
                className="text-blueGray-500 text-sm font-bold"
              >
                BOOKSA
              </h6>
            </div>
            <hr
              className="mt-6 border-b-1 border-blueGray-300"
            />
          </div>
          <div
            className="flex-auto px-4 lg:px-10 py-10 pt-0"
          >
            <div
              className="text-blueGray-400 text-center mb-3 font-bold"
            >
              <small>
                Ingresa mediante tu correo y contraseña
              </small>
            </div>
            <form
              onSubmit={[Function]}
            >
              <div
                className="relative w-full mb-3"
              >
                <label
                  className="block uppercase text-blueGray-600 text-xs font-bold mb-2"
                  htmlFor="grid-password"
                >
                  Correo
                </label>
                <input
                  className="border-0 px-3 py-3 placeholder-blueGray-300 text-blueGray-600 bg-white rounded text-sm shadow focus:outline-none focus:ring w-full ease-linear transition-all duration-150"
                  placeholder="Correo electrónico"
                  required={true}
                  type="email"
                />
              </div>
              <div
                className="relative w-full mb-3"
              >
                <label
                  className="block uppercase text-blueGray-600 text-xs font-bold mb-2"
                  htmlFor="grid-password"
                >
                  Contraseña
                </label>
                <input
                  className="border-0 px-3 py-3 placeholder-blueGray-300 text-blueGray-600 bg-white rounded text-sm shadow focus:outline-none focus:ring w-full ease-linear transition-all duration-150"
                  placeholder="Contraseña"
                  required={true}
                  type="password"
                />
              </div>
              <div
                className="text-center mt-6"
              >
                <button
                  className="bg-blueGray-800 text-white active:bg-blueGray-600 text-sm font-bold uppercase px-6 py-3 rounded shadow hover:shadow-lg outline-none focus:outline-none mr-1 mb-1 w-full ease-linear transition-all duration-150"
                  type="submit"
                >
                  Iniciar sesión
                </button>
              </div>
            </form>
          </div>
        </div>
        <div
          className="flex flex-wrap mt-6 relative"
        >
          <div
            className="w-full text-center"
          >
            <Link
              className="text-blueGray-200"
              to="/auth/register"
            >
              <small>
                ¿No tienes una cuenta? Registrarme
              </small>
            </Link>
          </div>
        </div>
      </div>
    </div>
  </div>
</Fragment>
`;
